// Jest Snapshot v1, https://goo.gl/fbAQLP

exports[`Badge renders shape is dot correctly 1`] = `
<span
  class="za-badge theme-error shape-dot"
>
  <sup
    class="za-badge-sup"
  />
</span>
`;
