// Jest Snapshot v1, https://goo.gl/fbAQLP

exports[`Stepper defaultValue 1`] = `
<span
  className="za-stepper theme-primary"
>
  <span
    className="za-stepper-sub"
    onClick={[Function]}
  >
    <Icon
      prefixCls="za-icon"
      type="minus"
    />
  </span>
  <input
    className="za-stepper-input"
    onBlur={[Function]}
    onChange={[Function]}
    type="tel"
    value={2}
  />
  <span
    className="za-stepper-plus"
    onClick={[Function]}
  >
    <Icon
      prefixCls="za-icon"
      type="add"
    />
  </span>
</span>
`;

exports[`Stepper renders correctly 1`] = `
<span
  class="za-stepper theme-primary"
>
  <span
    class="za-stepper-sub"
  >
    <i
      class="za-icon za-icon-minus"
    />
  </span>
  <input
    class="za-stepper-input"
    type="tel"
    value="0"
  />
  <span
    class="za-stepper-plus"
  >
    <i
      class="za-icon za-icon-add"
    />
  </span>
</span>
`;
