// Jest Snapshot v1, https://goo.gl/fbAQLP

exports[`PickerView PickerView render visible 1`] = `
<div
  class="za-picker-panel"
>
  <div
    class="za-picker-mask-top"
  />
  <div
    class="za-picker-view"
  >
    <div
      class="za-wheel"
    >
      <div
        class="za-wheel-content"
      >
        <div
          class="za-wheel-item za-wheel-item-selected"
        >
          选项一
        </div>
        <div
          class="za-wheel-item"
        >
          选项二
        </div>
      </div>
    </div>
  </div>
  <div
    class="za-picker-mask-bottom"
  />
</div>
`;
