// Jest Snapshot v1, https://goo.gl/fbAQLP

exports[`Mask renders correctly 1`] = `
<div
  class="za-mask normal"
/>
`;
