// Jest Snapshot v1, https://goo.gl/fbAQLP

exports[`Confirm renders correctly 1`] = `
<div
  class="za-modal za-confirm"
  style="-webkit-animation-duration:200ms;animation-duration:200ms"
>
  <div
    class="za-modal-wrapper"
  >
    <div
      class="za-modal-dialog"
      style="width:70%;-webkit-animation-duration:200ms;animation-duration:200ms"
    >
      <div
        class="za-modal-header"
      >
        <div
          class="za-modal-header-title"
        >
          确认信息
        </div>
      </div>
      <div
        class="za-modal-body za-confirm-body"
      >
        你确定要这样做吗？
      </div>
      <div
        class="za-modal-footer za-confirm-footer"
      >
        <a
          class="za-confirm-footer-button block"
        >
          取消
        </a>
        <a
          class="za-confirm-footer-button block za-confirm-footer-button-ok"
        >
          确定
        </a>
      </div>
    </div>
  </div>
  <div
    class="za-mask normal"
  />
</div>
`;
