// Jest Snapshot v1, https://goo.gl/fbAQLP

exports[`Panel renders correctly 1`] = `
<div
  class="za-panel"
>
  <div
    class="za-panel-header"
  >
    <div
      class="za-panel-title"
    >
      title
    </div>
    <div
      class="za-panel-more"
    >
      more
    </div>
  </div>
  <div
    class="za-panel-body"
  >
    body
  </div>
  <div
    class="za-panel-footer"
  >
    <div
      class="za-panel-title"
    >
      title
    </div>
    <div
      class="za-panel-more"
    >
      more
    </div>
  </div>
</div>
`;
