// Jest Snapshot v1, https://goo.gl/fbAQLP

exports[`Wheel Wheel render visible 1`] = `
<Wheel
  dataSource={
    Array [
      Object {
        "label": "选项一",
        "value": "1",
      },
      Object {
        "label": "选项二",
        "value": "2",
      },
    ]
  }
  defaultValue="1"
  itemRender={[Function]}
  prefixCls="za-wheel"
  value="1"
  valueMember="value"
>
  <div
    className="za-wheel"
  >
    <div
      className="za-wheel-content"
    >
      <div
        className="za-wheel-item za-wheel-item-selected"
        key="0"
      >
        选项一
      </div>
      <div
        className="za-wheel-item"
        key="1"
      >
        选项二
      </div>
    </div>
  </div>
</Wheel>
`;
