// Jest Snapshot v1, https://goo.gl/fbAQLP

exports[`Drag renders correctly 1`] = `<div />`;
