// Jest Snapshot v1, https://goo.gl/fbAQLP

exports[`SwipeAction left only 1`] = `
<div
  class="za-swipeaction"
>
  <div
    class="za-swipeaction-actions-left"
  >
    <a
      aria-disabled="false"
      class="za-button theme-primary"
      role="button"
    >
      <span>
        左按钮1
      </span>
    </a>
    <a
      aria-disabled="false"
      class="za-button theme-warning"
      role="button"
    >
      <span>
        左按钮2
      </span>
    </a>
  </div>
  <div
    class="za-swipeaction-content"
    style="-webkit-transition-duration:undefinedms;transition-duration:undefinedms;-webkit-transform:translate3d(0px, 0, 0);transform:translate3d(0px, 0, 0)"
  >
    <div>
      右滑
    </div>
  </div>
</div>
`;

exports[`SwipeAction renders correctly 1`] = `
<SwipeAction
  animationDuration={300}
  left={
    Array [
      <Button
        active={false}
        block={false}
        bordered={false}
        disabled={false}
        focus={false}
        loading={false}
        onClick={[Function]}
        prefixCls="za-button"
        theme="primary"
      >
        左按钮1
      </Button>,
      <Button
        active={false}
        block={false}
        bordered={false}
        disabled={false}
        focus={false}
        loading={false}
        onClick={[Function]}
        prefixCls="za-button"
        theme="warning"
      >
        左按钮2
      </Button>,
    ]
  }
  moveDistanceRatio={0.5}
  moveTimeSpan={300}
  offset={10}
  prefixCls="za-swipeaction"
  right={
    Array [
      <Button
        active={false}
        block={false}
        bordered={false}
        disabled={false}
        focus={false}
        loading={false}
        onClick={[Function]}
        prefixCls="za-button"
        theme="primary"
      >
        右按钮1
      </Button>,
      <Button
        active={false}
        block={false}
        bordered={false}
        disabled={false}
        focus={false}
        loading={false}
        onClick={[Function]}
        prefixCls="za-button"
        theme="warning"
      >
        右按钮2
      </Button>,
    ]
  }
>
  <div
    className="za-swipeaction"
  >
    <div
      className="za-swipeaction-actions-left"
    >
      <Button
        active={false}
        block={false}
        bordered={false}
        disabled={false}
        focus={false}
        key="0"
        loading={false}
        onClick={[Function]}
        prefixCls="za-button"
        theme="primary"
      >
        <a
          aria-disabled={false}
          className="za-button theme-primary"
          onClick={[Function]}
          onTouchStart={[Function]}
          role="button"
        >
          <span>
            左按钮1
          </span>
        </a>
      </Button>
      <Button
        active={false}
        block={false}
        bordered={false}
        disabled={false}
        focus={false}
        key="1"
        loading={false}
        onClick={[Function]}
        prefixCls="za-button"
        theme="warning"
      >
        <a
          aria-disabled={false}
          className="za-button theme-warning"
          onClick={[Function]}
          onTouchStart={[Function]}
          role="button"
        >
          <span>
            左按钮2
          </span>
        </a>
      </Button>
    </div>
    <div
      className="za-swipeaction-actions-right"
    >
      <Button
        active={false}
        block={false}
        bordered={false}
        disabled={false}
        focus={false}
        key="0"
        loading={false}
        onClick={[Function]}
        prefixCls="za-button"
        theme="primary"
      >
        <a
          aria-disabled={false}
          className="za-button theme-primary"
          onClick={[Function]}
          onTouchStart={[Function]}
          role="button"
        >
          <span>
            右按钮1
          </span>
        </a>
      </Button>
      <Button
        active={false}
        block={false}
        bordered={false}
        disabled={false}
        focus={false}
        key="1"
        loading={false}
        onClick={[Function]}
        prefixCls="za-button"
        theme="warning"
      >
        <a
          aria-disabled={false}
          className="za-button theme-warning"
          onClick={[Function]}
          onTouchStart={[Function]}
          role="button"
        >
          <span>
            右按钮2
          </span>
        </a>
      </Button>
    </div>
    <Drag
      onDragEnd={[Function]}
      onDragMove={[Function]}
      onDragStart={[Function]}
    >
      <div
        className="za-swipeaction-content"
        onTouchEnd={[Function]}
        onTouchMove={[Function]}
        onTouchStart={[Function]}
        style={
          Object {
            "WebkitTransform": "translate3d(0px, 0, 0)",
            "WebkitTransitionDuration": "undefinedms",
            "transform": "translate3d(0px, 0, 0)",
            "transitionDuration": "undefinedms",
          }
        }
      >
        <div>
          左右都能滑动
        </div>
      </div>
    </Drag>
  </div>
</SwipeAction>
`;

exports[`SwipeAction right only 1`] = `
<div
  class="za-swipeaction"
>
  <div
    class="za-swipeaction-actions-right"
  >
    <a
      aria-disabled="false"
      class="za-button theme-primary"
      role="button"
    >
      <span>
        右按钮1
      </span>
    </a>
    <a
      aria-disabled="false"
      class="za-button theme-warning"
      role="button"
    >
      <span>
        右按钮2
      </span>
    </a>
  </div>
  <div
    class="za-swipeaction-content"
    style="-webkit-transition-duration:undefinedms;transition-duration:undefinedms;-webkit-transform:translate3d(0px, 0, 0);transform:translate3d(0px, 0, 0)"
  >
    <div>
      左滑
    </div>
  </div>
</div>
`;
