// Jest Snapshot v1, https://goo.gl/fbAQLP

exports[`Tooltip renders correctly 1`] = `
<span>
  foo
</span>
`;

exports[`Tooltip visible 1`] = `
<Tooltip
  message="hello"
  prefixCls="za-tooltip"
  visible={true}
>
  <span>
    foo
  </span>
</Tooltip>
`;
