// Jest Snapshot v1, https://goo.gl/fbAQLP

exports[`Swipe loop renders correctly 1`] = `
<div
  class="za-swipe"
>
  <div
    class="za-swipe-items"
    style="white-space:nowrap"
  >
    <div
      class="za-swipe-item"
    >
      3
    </div>
    <div
      class="za-swipe-item"
    >
      1
    </div>
    <div
      class="za-swipe-item"
    >
      2
    </div>
    <div
      class="za-swipe-item"
    >
      3
    </div>
    <div
      class="za-swipe-item"
    >
      1
    </div>
  </div>
  <div
    class="za-swipe-pagination"
  >
    <ul>
      <li
        class="active"
        role="tab"
        style="display:inline-block"
      />
      <li
        class=""
        role="tab"
        style="display:inline-block"
      />
      <li
        class=""
        role="tab"
        style="display:inline-block"
      />
    </ul>
  </div>
</div>
`;

exports[`Swipe renders correctly 1`] = `
<div
  class="za-swipe"
>
  <div
    class="za-swipe-items"
    style="white-space:nowrap"
  >
    <div
      class="za-swipe-item"
    >
      1
    </div>
    <div
      class="za-swipe-item"
    >
      2
    </div>
    <div
      class="za-swipe-item"
    >
      3
    </div>
  </div>
  <div
    class="za-swipe-pagination"
  >
    <ul>
      <li
        class="active"
        role="tab"
        style="display:inline-block"
      />
      <li
        class=""
        role="tab"
        style="display:inline-block"
      />
      <li
        class=""
        role="tab"
        style="display:inline-block"
      />
    </ul>
  </div>
</div>
`;
