// Jest Snapshot v1, https://goo.gl/fbAQLP

exports[`Pull renders correctly 1`] = `
<div
  class="za-pull"
>
  <div
    class="za-pull-content"
    style="-webkit-transition:all 0ms;transition:all 0ms;-webkit-transform:translate3d(0, 0px, 0);transform:translate3d(0, 0px, 0)"
  >
    <div
      class="za-pull-refresh"
    />
    <div
      class="za-pull-body"
    >
      <div>
        1
      </div>
      <div>
        2
      </div>
      <div>
        3
      </div>
    </div>
    <div
      class="za-pull-load"
    />
  </div>
</div>
`;
